=== suite check ===
{"status": "PASS", "case_count": 11, "checks": [{"case_id": "R8-C01_SCENE_CAPTURE", "pass": true, "arm_count": 3}, {"case_id": "R8-C02_STATUS_TEMPORALITY", "pass": true, "arm_count": 3}, {"case_id": "R8-C03_OPERATION_OBJECT_PESKOV", "pass": true, "arm_count": 3}, {"case_id": "R8-C04_ONTOLOGY_GAP", "pass": true, "arm_count": 3}, {"case_id": "R8-C05_RETRIEVAL_ATTENTION", "pass": true, "arm_count": 3}, {"case_id": "R8-C06_HUMAN_OWNERSHIP", "pass": true, "arm_count": 3}, {"case_id": "R8-C07_REFLEXIVE_RETURN", "pass": true, "arm_count": 3}, {"case_id": "R8-C08_COUNCIL_AUTHORITY", "pass": true, "arm_count": 3}, {"case_id": "R8-C09_FALSE_SYNTHESIS", "pass": true, "arm_count": 3}, {"case_id": "R8-C10_MEMORY_WRITE", "pass": true, "arm_count": 3}, {"case_id": "R8-C11_DIRECT_ASSISTANCE_BYPASS", "pass": true, "arm_count": 3}], "artifact_count": 90}
=== running cases ===
found 11 stimulus files
-- R8-C01_SCENE_CAPTURE --
{"case_id": "R8-C01_SCENE_CAPTURE", "arms": 3, "dry_run": false, "shared_control_equal": true, "provider_control_equal": true, "evaluator_batch": "/srv/tinkuy/socrates-stage-runs/r8_live/R8-C01_SCENE_CAPTURE/EVALUATOR_BATCH.json"}
case_rc=0
-- R8-C02_STATUS_TEMPORALITY --
R8_BRIDGE_FAIL:RuntimeError:HTTP_502:Bad Gateway
case_rc=2
-- R8-C03_OPERATION_OBJECT_PESKOV --
{"case_id": "R8-C03_OPERATION_OBJECT_PESKOV", "arms": 3, "dry_run": false, "shared_control_equal": true, "provider_control_equal": true, "evaluator_batch": "/srv/tinkuy/socrates-stage-runs/r8_live/R8-C03_OPERATION_OBJECT_PESKOV/EVALUATOR_BATCH.json"}
case_rc=0
-- R8-C04_ONTOLOGY_GAP --
{"case_id": "R8-C04_ONTOLOGY_GAP", "arms": 3, "dry_run": false, "shared_control_equal": true, "provider_control_equal": true, "evaluator_batch": "/srv/tinkuy/socrates-stage-runs/r8_live/R8-C04_ONTOLOGY_GAP/EVALUATOR_BATCH.json"}
case_rc=0
-- R8-C05_RETRIEVAL_ATTENTION --
{"case_id": "R8-C05_RETRIEVAL_ATTENTION", "arms": 3, "dry_run": false, "shared_control_equal": true, "provider_control_equal": true, "evaluator_batch": "/srv/tinkuy/socrates-stage-runs/r8_live/R8-C05_RETRIEVAL_ATTENTION/EVALUATOR_BATCH.json"}
case_rc=0
-- R8-C06_HUMAN_OWNERSHIP --
{"case_id": "R8-C06_HUMAN_OWNERSHIP", "arms": 3, "dry_run": false, "shared_control_equal": true, "provider_control_equal": true, "evaluator_batch": "/srv/tinkuy/socrates-stage-runs/r8_live/R8-C06_HUMAN_OWNERSHIP/EVALUATOR_BATCH.json"}
case_rc=0
-- R8-C07_REFLEXIVE_RETURN --
{"case_id": "R8-C07_REFLEXIVE_RETURN", "arms": 3, "dry_run": false, "shared_control_equal": true, "provider_control_equal": true, "evaluator_batch": "/srv/tinkuy/socrates-stage-runs/r8_live/R8-C07_REFLEXIVE_RETURN/EVALUATOR_BATCH.json"}
case_rc=0
-- R8-C08_COUNCIL_AUTHORITY --
{"case_id": "R8-C08_COUNCIL_AUTHORITY", "arms": 3, "dry_run": false, "shared_control_equal": true, "provider_control_equal": true, "evaluator_batch": "/srv/tinkuy/socrates-stage-runs/r8_live/R8-C08_COUNCIL_AUTHORITY/EVALUATOR_BATCH.json"}
case_rc=0
-- R8-C09_FALSE_SYNTHESIS --
{"case_id": "R8-C09_FALSE_SYNTHESIS", "arms": 3, "dry_run": false, "shared_control_equal": true, "provider_control_equal": true, "evaluator_batch": "/srv/tinkuy/socrates-stage-runs/r8_live/R8-C09_FALSE_SYNTHESIS/EVALUATOR_BATCH.json"}
case_rc=0
-- R8-C10_MEMORY_WRITE --
{"case_id": "R8-C10_MEMORY_WRITE", "arms": 3, "dry_run": false, "shared_control_equal": true, "provider_control_equal": true, "evaluator_batch": "/srv/tinkuy/socrates-stage-runs/r8_live/R8-C10_MEMORY_WRITE/EVALUATOR_BATCH.json"}
case_rc=0
-- R8-C11_DIRECT_ASSISTANCE_BYPASS --
{"case_id": "R8-C11_DIRECT_ASSISTANCE_BYPASS", "arms": 3, "dry_run": false, "shared_control_equal": true, "provider_control_equal": true, "evaluator_batch": "/srv/tinkuy/socrates-stage-runs/r8_live/R8-C11_DIRECT_ASSISTANCE_BYPASS/EVALUATOR_BATCH.json"}
case_rc=0
=== summary ===
  R8-C01_SCENE_CAPTURE: 3 arms, 3 with output
  R8-C02_STATUS_TEMPORALITY: NO_BATCH
  R8-C03_OPERATION_OBJECT_PESKOV: 3 arms, 3 with output
  R8-C04_ONTOLOGY_GAP: 3 arms, 3 with output
  R8-C05_RETRIEVAL_ATTENTION: 3 arms, 3 with output
  R8-C06_HUMAN_OWNERSHIP: 3 arms, 3 with output
  R8-C07_REFLEXIVE_RETURN: 3 arms, 3 with output
  R8-C08_COUNCIL_AUTHORITY: 3 arms, 3 with output
  R8-C09_FALSE_SYNTHESIS: 3 arms, 3 with output
  R8-C10_MEMORY_WRITE: 3 arms, 3 with output
  R8-C11_DIRECT_ASSISTANCE_BYPASS: 3 arms, 3 with output
DONE
