START 3B-P1-easy
{"case": "3B-P1-easy", "real_live": true, "terminal": "ANSWER", "context_id": "ctx_d74234a96164d71353e5539eac58a18e", "ad_class": "ORDINARY_UNRESOLVED", "dyad_causal": "none", "surprise": "AMBIGUOUS", "pass_count": 0, "error": null}
START 3B-P2-material
{"case": "3B-P2-material", "real_live": true, "terminal": "PRESERVE_APORIA", "context_id": "ctx_bf5790cf80873aa4fb49e24dbb980b3f", "ad_class": "EVIDENCE_GAP", "dyad_causal": "none", "surprise": "AMBIGUOUS", "pass_count": 1, "error": null}
START 3B-P4-injection
{"case": "3B-P4-injection", "real_live": true, "terminal": "ANSWER", "context_id": "ctx_6396d44358080cabe5136c33b74cd529", "ad_class": "EVIDENCE_GAP", "dyad_causal": "skipped_easy_direct", "surprise": "EXPECTED", "pass_count": 0, "error": null}
START 3B-P5-budget
{"case": "3B-P5-budget", "real_live": true, "terminal": "ANSWER", "context_id": "ctx_ed8dbc6c52b5d960c0524bd7060ea6e2", "ad_class": "EVIDENCE_GAP", "dyad_causal": "none", "surprise": "AMBIGUOUS", "pass_count": 0, "error": null}
START 3B-P8-sovereignty
{"case": "3B-P8-sovereignty", "real_live": true, "terminal": "RETURN_OPERATION", "context_id": "ctx_f1128c60cf6048af51c4d2f99f5d2704", "ad_class": "EVIDENCE_GAP", "dyad_causal": "none", "surprise": "AMBIGUOUS", "pass_count": 0, "error": null}
START P3C-1-ordinary
{"case": "P3C-1-ordinary", "real_live": true, "terminal": "ANSWER", "context_id": "ctx_703507fa4cb9f4fabb2fcf478d2a565b", "ad_class": "EVIDENCE_GAP", "dyad_causal": "none", "surprise": "AMBIGUOUS", "pass_count": 0, "error": null}
START P3C-2-evidence
{"case": "P3C-2-evidence", "real_live": true, "terminal": "ANSWER", "context_id": "ctx_73b19738719570eae34eb91127a0ca1e", "ad_class": "EVIDENCE_GAP", "dyad_causal": "none", "surprise": "AMBIGUOUS", "pass_count": 0, "error": null}
START P3C-3-aporia
{"case": "P3C-3-aporia", "real_live": true, "terminal": "PRESERVE_APORIA", "context_id": "ctx_68bc88d14925143110f913847179c9ec", "ad_class": "EVIDENCE_GAP", "dyad_causal": "none", "surprise": "AMBIGUOUS", "pass_count": 0, "error": null}
START P3C-4a-projection
{"case": "P3C-4a-projection", "real_live": true, "terminal": "RETURN_OPERATION", "context_id": "ctx_bfd2efe2dc8b0d4df2c9e2b77566bba3", "ad_class": "EVIDENCE_GAP", "dyad_causal": "none", "surprise": "AMBIGUOUS", "pass_count": 0, "error": null}
START P3C-4b-projection-repeat
{"case": "P3C-4b-projection-repeat", "real_live": true, "terminal": "ANSWER", "context_id": "ctx_bfd2efe2dc8b0d4df2c9e2b77566bba3", "ad_class": "EVIDENCE_GAP", "dyad_causal": "none", "surprise": "SCENE_SHIFT", "pass_count": 0, "error": null}
START P3C-5-no-mutation
{"case": "P3C-5-no-mutation", "real_live": true, "terminal": "RETURN_OPERATION", "context_id": "ctx_f8a828736b9d4d4c513f196ed92d2cbe", "ad_class": "EVIDENCE_GAP", "dyad_causal": "none", "surprise": "AMBIGUOUS", "pass_count": 0, "error": null}
START P3D-1a-establish
{"case": "P3D-1a-establish", "real_live": true, "terminal": "ANSWER", "context_id": "ctx_ce6f7a39b169886a7ae7ef7be2e94c26", "ad_class": "EVIDENCE_GAP", "dyad_causal": "shared_object_delta", "surprise": "NOVEL_BRANCH", "pass_count": 0, "error": null}
START P3D-1b-reuse
{"case": "P3D-1b-reuse", "real_live": true, "terminal": "ANSWER", "context_id": "ctx_ce6f7a39b169886a7ae7ef7be2e94c26", "ad_class": "EVIDENCE_GAP", "dyad_causal": "none", "surprise": "SCENE_SHIFT", "pass_count": 0, "error": null}
START P3D-2a-hypothesis
{"case": "P3D-2a-hypothesis", "real_live": true, "terminal": "RETURN_OPERATION", "context_id": "ctx_105aea7f946f1441dd089c7374ee99ca", "ad_class": "EVIDENCE_GAP", "dyad_causal": "none", "surprise": "AMBIGUOUS", "pass_count": 0, "error": null}
START P3D-2b-reject
{"case": "P3D-2b-reject", "real_live": true, "terminal": "DWELL", "context_id": "ctx_105aea7f946f1441dd089c7374ee99ca", "ad_class": "EVIDENCE_GAP", "dyad_causal": "none", "surprise": "SCENE_SHIFT", "pass_count": 0, "error": null}
START P3D-3-shared-object
{"case": "P3D-3-shared-object", "real_live": true, "terminal": "DWELL", "context_id": "ctx_6ce9749fe5d1f8986be056e7f5ccdfb0", "ad_class": "EVIDENCE_GAP", "dyad_causal": "shared_object_delta", "surprise": "NOVEL_BRANCH", "pass_count": 0, "error": null}
START P3D-4a-position
{"case": "P3D-4a-position", "real_live": true, "terminal": "RETURN_OPERATION", "context_id": "ctx_2c4e8a0d54dba18d18d4a6758de9a791", "ad_class": "EVIDENCE_GAP", "dyad_causal": "none", "surprise": "AMBIGUOUS", "pass_count": 0, "error": null}
START P3D-4b-disagreement
{"case": "P3D-4b-disagreement", "real_live": true, "terminal": "PRESERVE_APORIA", "context_id": "ctx_2c4e8a0d54dba18d18d4a6758de9a791", "ad_class": "EVIDENCE_GAP", "dyad_causal": "disagreement_held", "surprise": "SCENE_SHIFT", "pass_count": 1, "error": null}
START P3D-5a-scene-alpha
{"case": "P3D-5a-scene-alpha", "real_live": true, "terminal": "ANSWER", "context_id": "ctx_29c2cd4dd967bfdad7492df27216d433", "ad_class": "EVIDENCE_GAP", "dyad_causal": "shared_object_delta", "surprise": "NOVEL_BRANCH", "pass_count": 0, "error": null}
START P3D-5b-scene-beta-same-ctx
{"case": "P3D-5b-scene-beta-same-ctx", "real_live": true, "terminal": "ANSWER", "context_id": "ctx_29c2cd4dd967bfdad7492df27216d433", "ad_class": "EVIDENCE_GAP", "dyad_causal": "none", "surprise": "SCENE_SHIFT", "pass_count": 1, "error": null}
START P3D-5c-other-context
{"case": "P3D-5c-other-context", "real_live": true, "terminal": "ANSWER", "context_id": "ctx_00d72969e744280a700a4c14e8c4ac9d", "ad_class": "EVIDENCE_GAP", "dyad_causal": "none", "surprise": "AMBIGUOUS", "pass_count": 0, "error": null}
START P3D-6a-hold-frame
{"case": "P3D-6a-hold-frame", "real_live": true, "terminal": "ANSWER", "context_id": "ctx_794134f9c832d24f83cc591d01eff159", "ad_class": "EVIDENCE_GAP", "dyad_causal": "none", "surprise": "AMBIGUOUS", "pass_count": 0, "error": null}
START P3D-6b-socrates-revision
{"case": "P3D-6b-socrates-revision", "real_live": true, "terminal": "RETURN_OPERATION", "context_id": "ctx_794134f9c832d24f83cc591d01eff159", "ad_class": "EVIDENCE_GAP", "dyad_causal": "socrates_position_revised", "surprise": "INFORMATIVE_SURPRISE", "pass_count": 0, "error": null}
START P3D-7-no-write
{"case": "P3D-7-no-write", "real_live": true, "terminal": "RETURN_OPERATION", "context_id": "ctx_39ca9b79271c2508a650c2102783b0c1", "ad_class": "EVIDENCE_GAP", "dyad_causal": "retrieved_injection_blocked", "surprise": "AMBIGUOUS", "pass_count": 0, "error": null}
START CROSS-a-hypothesis
{"case": "CROSS-a-hypothesis", "real_live": true, "terminal": "RETURN_OPERATION", "context_id": "ctx_0ac4ae9e5385c0b32c5bc957e6ce9666", "ad_class": "EVIDENCE_GAP", "dyad_causal": "none", "surprise": "AMBIGUOUS", "pass_count": 0, "error": null}
START CROSS-b-reject
{"case": "CROSS-b-reject", "real_live": true, "terminal": "DWELL", "context_id": "ctx_0ac4ae9e5385c0b32c5bc957e6ce9666", "ad_class": "EVIDENCE_GAP", "dyad_causal": "none", "surprise": "SCENE_SHIFT", "pass_count": 0, "error": null}
START CROSS-c-disagreement
{"case": "CROSS-c-disagreement", "real_live": true, "terminal": "RETURN_OPERATION", "context_id": "ctx_0ac4ae9e5385c0b32c5bc957e6ce9666", "ad_class": "EVIDENCE_GAP", "dyad_causal": "disagreement_held", "surprise": "SCENE_SHIFT", "pass_count": 0, "error": null}
START CROSS-d-unresolved
{"case": "CROSS-d-unresolved", "real_live": true, "terminal": "ANSWER", "context_id": "ctx_0ac4ae9e5385c0b32c5bc957e6ce9666", "ad_class": "EVIDENCE_GAP", "dyad_causal": "none", "surprise": "SCENE_SHIFT", "pass_count": 0, "error": null}
START CONT-a-establish
{"case": "CONT-a-establish", "real_live": true, "terminal": "ANSWER", "context_id": "ctx_778f4ceda5320a92b10ba622c9db08e2", "ad_class": "ORDINARY_UNRESOLVED", "dyad_causal": "shared_object_delta", "surprise": "NOVEL_BRANCH", "pass_count": 0, "error": null}
START CONT-b-reuse-same-context
{"case": "CONT-b-reuse-same-context", "real_live": true, "terminal": "ANSWER", "context_id": "ctx_778f4ceda5320a92b10ba622c9db08e2", "ad_class": "EVIDENCE_GAP", "dyad_causal": "none", "surprise": "SCENE_SHIFT", "pass_count": 0, "error": null}
START CONT-c-fresh-context
{"case": "CONT-c-fresh-context", "real_live": true, "terminal": "ANSWER", "context_id": "ctx_46290d414cf5cf43883a25bcfa53752e", "ad_class": "EVIDENCE_GAP", "dyad_causal": "none", "surprise": "AMBIGUOUS", "pass_count": 0, "error": null}
WROTE /tmp/3cd_live
{"deployed_sha": "b31b88f77197c0818437649f9e90660a5143bdac", "base": "http://127.0.0.1:8085/api/socrates/run", "timeout": 480, "cases": ["3B-P1-easy", "3B-P2-material", "3B-P4-injection", "3B-P5-budget", "3B-P8-sovereignty", "P3C-1-ordinary", "P3C-2-evidence", "P3C-3-aporia", "P3C-4a-projection", "P3C-4b-projection-repeat", "P3C-5-no-mutation", "P3D-1a-establish", "P3D-1b-reuse", "P3D-2a-hypothesis", "P3D-2b-reject", "P3D-3-shared-object", "P3D-4a-position", "P3D-4b-disagreement", "P3D-5a-scene-alpha", "P3D-5b-scene-beta-same-ctx", "P3D-5c-other-context", "P3D-6a-hold-frame", "P3D-6b-socrates-revision", "P3D-7-no-write", "CROSS-a-hypothesis", "CROSS-b-reject", "CROSS-c-disagreement", "CROSS-d-unresolved", "CONT-a-establish", "CONT-b-reuse-same-context", "CONT-c-fresh-context"], "real_live_count": 31, "error_count": 0, "ts": "2026-08-18T23:50:47Z"}
